fixtures/slop.md:5:3: decorative-heading: "Strategic Negotiations And Global Partnerships"
fixtures/slop.md:7:4: decorative-heading: "🚀"
fixtures/slop.md:9:1: chatbot-residue: "Great question"
fixtures/slop.md:9:17: staged-opener: "Let's dive in"
fixtures/slop.md:10:1: not-x-but-y: "It's not just a tool, it's"
fixtures/slop.md:11:16: not-x-but-y: "not only fast but"
fixtures/slop.md:12:1: not-x-but-y: "This does not mean every choice is equal. It means"
fixtures/slop.md:13:16: dash: "—"
fixtures/slop.md:13:44: dash: "—"
fixtures/slop.md:14:17: dash: "–"
fixtures/slop.md:15:9: dash: "--"
fixtures/slop.md:15:20: dash: "--"
fixtures/slop.md:16:15: curly-quotes: "“"
fixtures/slop.md:16:20: curly-quotes: "”"
fixtures/slop.md:17:1: ai-vocabulary: "Additionally"
fixtures/slop.md:17:18: ai-vocabulary: "delve"
fixtures/slop.md:17:33: ai-vocabulary: "vibrant"
fixtures/slop.md:17:41: ai-vocabulary: "tapestry"
fixtures/slop.md:18:4: fancy-word: "utilize" (plain: use)
fixtures/slop.md:18:23: fancy-word: "facilitate" (plain: help)
fixtures/slop.md:18:34: fancy-word: "numerous" (plain: many)
fixtures/slop.md:19:13: copula-avoidance: "serves as"
fixtures/slop.md:19:33: copula-avoidance: "boasts"
fixtures/slop.md:20:26: ing-rider: "highlighting"
fixtures/slop.md:21:1: sales-language: "Nestled"
fixtures/slop.md:21:9: sales-language: "in the heart of"
fixtures/slop.md:21:49: sales-language: "stunning"
fixtures/slop.md:22:1: borrowed-authority: "Experts believe"
fixtures/slop.md:22:36: borrowed-authority: "Studies show"
fixtures/slop.md:23:13: inflated-significance: "marks a pivotal moment"
fixtures/slop.md:23:21: ai-vocabulary: "pivotal"
fixtures/slop.md:23:40: inflated-significance: "plays a key role"
fixtures/slop.md:24:1: recap-ending: "In conclusion,"
fixtures/slop.md:25:1: filler-phrase: "It's worth noting"
fixtures/slop.md:25:25: filler-phrase: "in order to" (plain: to)
fixtures/slop.md:26:4: stacked-hedges: "could potentially"
fixtures/slop.md:27:1: metadiscourse: "That distinction matters"
fixtures/slop.md:28:1: knowledge-limit: "As of my last training update"
fixtures/slop.md:28:46: knowledge-limit: "not publicly documented"
fixtures/slop.md:29:1: decorative-bold: "- **Performance:**"
fixtures/slop.md:30:3: decorative-heading: "✅"
fixtures/slop.md:31:30: over-compression: "→"
fixtures/slop.md:32:5: metaphor-jargon: "north star"
fixtures/slop.md:32:28: metaphor-jargon: "flywheel"
fixtures/slop.md:33:1: one-line-closer: "That's the real win"
fixtures/slop.md:34:15: adverb-crutch: "dramatically"
fixtures/slop.md:34:45: adverb-crutch: "overwhelmingly"
